#-----------------------------------------------------------
# Vivado v2018.3 (64-bit)
# SW Build 2405991 on Thu Dec  6 23:38:27 MST 2018
# IP Build 2404404 on Fri Dec  7 01:43:56 MST 2018
# Start of session at: Wed May  8 10:51:20 2024
# Process ID: 23008
# Current directory: D:/LAB/lab3/lab03
# Command line: vivado.exe -gui_launcher_event rodinguilauncherevent11928 D:\LAB\lab3\lab03\lab03.xpr
# Log file: D:/LAB/lab3/lab03/vivado.log
# Journal file: D:/LAB/lab3/lab03\vivado.jou
#-----------------------------------------------------------
start_gui
open_project D:/LAB/lab3/lab03/lab03.xpr
update_compile_order -fileset sources_1
launch_simulation
open_wave_config D:/LAB/lab3/lab03/Ctr_tb_behav.wcfg
source ALUCtr_tb.tcl
current_wave_config {Ctr_tb_behav.wcfg}
add_wave {{/ALUCtr_tb/ALUOp}} 
current_wave_config {Ctr_tb_behav.wcfg}
add_wave {{/ALUCtr_tb/Funct}} 
current_wave_config {Ctr_tb_behav.wcfg}
add_wave {{/ALUCtr_tb/ALUCtrOut}} 
relaunch_sim
relaunch_sim
relaunch_sim
relaunch_sim
relaunch_sim
relaunch_sim
close [ open D:/LAB/lab3/lab03/lab03.srcs/sources_1/new/Alu.v w ]
add_files D:/LAB/lab3/lab03/lab03.srcs/sources_1/new/Alu.v
update_compile_order -fileset sources_1
# Disabling source management mode.  This is to allow the top design properties to be set without GUI intervention.
set_property source_mgmt_mode None [current_project]
set_property top Alu [current_fileset]
# Re-enabling previously disabled source management mode.
set_property source_mgmt_mode All [current_project]
update_compile_order -fileset sources_1
set_property SOURCE_SET sources_1 [get_filesets sim_1]
close [ open D:/LAB/lab3/lab03/lab03.srcs/sim_1/new/Alu_tb.v w ]
add_files -fileset sim_1 D:/LAB/lab3/lab03/lab03.srcs/sim_1/new/Alu_tb.v
update_compile_order -fileset sim_1
# Disabling source management mode.  This is to allow the top design properties to be set without GUI intervention.
set_property source_mgmt_mode None [current_project]
set_property top Alu_tb [get_filesets sim_1]
set_property top_lib xil_defaultlib [get_filesets sim_1]
# Re-enabling previously disabled source management mode.
set_property source_mgmt_mode All [current_project]
update_compile_order -fileset sim_1
launch_simulation
open_wave_config D:/LAB/lab3/lab03/Ctr_tb_behav.wcfg
source Alu_tb.tcl
current_wave_config {Ctr_tb_behav.wcfg}
add_wave {{/Alu_tb/input1}} 
current_wave_config {Ctr_tb_behav.wcfg}
add_wave {{/Alu_tb/input2}} 
current_wave_config {Ctr_tb_behav.wcfg}
add_wave {{/Alu_tb/aluCtr}} 
current_wave_config {Ctr_tb_behav.wcfg}
add_wave {{/Alu_tb/aluRes}} 
current_wave_config {Ctr_tb_behav.wcfg}
add_wave {{/Alu_tb/zero}} 
close_sim
launch_simulation
open_wave_config D:/LAB/lab3/lab03/Ctr_tb_behav.wcfg
source Alu_tb.tcl
current_wave_config {Ctr_tb_behav.wcfg}
add_wave {{/Alu_tb/input1}} 
current_wave_config {Ctr_tb_behav.wcfg}
add_wave {{/Alu_tb/input2}} 
current_wave_config {Ctr_tb_behav.wcfg}
add_wave {{/Alu_tb/aluCtr}} 
current_wave_config {Ctr_tb_behav.wcfg}
add_wave {{/Alu_tb/aluRes}} 
current_wave_config {Ctr_tb_behav.wcfg}
add_wave {{/Alu_tb/zero}} 
relaunch_sim
relaunch_sim
relaunch_sim
relaunch_sim
relaunch_sim
relaunch_sim
relaunch_sim
relaunch_sim
relaunch_sim
relaunch_sim
relaunch_sim
run 10 ns
run 90 ns
save_wave_config {D:/LAB/lab3/lab03/Ctr_tb_behav.wcfg}
# Disabling source management mode.  This is to allow the top design properties to be set without GUI intervention.
set_property source_mgmt_mode None [current_project]
set_property top ALUCtr_tb [get_filesets sim_1]
set_property top_lib xil_defaultlib [get_filesets sim_1]
# Re-enabling previously disabled source management mode.
set_property source_mgmt_mode All [current_project]
# Disabling source management mode.  This is to allow the top design properties to be set without GUI intervention.
set_property source_mgmt_mode None [current_project]
set_property top ALUCtr [current_fileset]
# Re-enabling previously disabled source management mode.
set_property source_mgmt_mode All [current_project]
update_compile_order -fileset sim_1
update_compile_order -fileset sources_1
close_sim
close_sim
launch_simulation
open_wave_config D:/LAB/lab3/lab03/Ctr_tb_behav.wcfg
source ALUCtr_tb.tcl
current_wave_config {Ctr_tb_behav.wcfg}
add_wave {{/ALUCtr_tb/ALUOp}} 
current_wave_config {Ctr_tb_behav.wcfg}
add_wave {{/ALUCtr_tb/Funct}} 
current_wave_config {Ctr_tb_behav.wcfg}
add_wave {{/ALUCtr_tb/ALUCtrOut}} 
relaunch_sim
add_bp {D:/LAB/lab3/lab03/lab03.srcs/sim_1/new/ALUCtr_tb.v} 43
remove_bps -file {D:/LAB/lab3/lab03/lab03.srcs/sim_1/new/ALUCtr_tb.v} -line 43
relaunch_sim
relaunch_sim
relaunch_sim
save_wave_config {D:/LAB/lab3/lab03/Ctr_tb_behav.wcfg}
close_sim
